[2026-09-21T12:44:24.565+0000] {local_task_job_runner.py:123} INFO - ::group::Pre task execution logs
[2026-09-21T12:44:24.868+0000] {taskinstance.py:2614} INFO - Dependencies all met for dep_context=non-requeueable deps ti=<TaskInstance: dss150p_sales_pipeline.extract scheduled__2026-09-20T02:00:00+00:00 [queued]>
[2026-09-21T12:44:24.983+0000] {taskinstance.py:2614} INFO - Dependencies all met for dep_context=requeueable deps ti=<TaskInstance: dss150p_sales_pipeline.extract scheduled__2026-09-20T02:00:00+00:00 [queued]>
[2026-09-21T12:44:25.012+0000] {taskinstance.py:2867} INFO - Starting attempt 1 of 3
[2026-09-21T12:44:25.442+0000] {taskinstance.py:2890} INFO - Executing <Task(BashOperator): extract> on 2026-09-20 02:00:00+00:00
[2026-09-21T12:44:25.583+0000] {standard_task_runner.py:72} INFO - Started process 673 to run task
[2026-09-21T12:44:25.870+0000] {standard_task_runner.py:104} INFO - Running: ['airflow', 'tasks', 'run', 'dss150p_sales_pipeline', 'extract', 'scheduled__2026-09-20T02:00:00+00:00', '--job-id', '3', '--raw', '--subdir', 'DAGS_FOLDER/dss150p_pipeline.py', '--cfg-path', '/tmp/tmpzb5xmfgs']
[2026-09-21T12:44:26.013+0000] {standard_task_runner.py:105} INFO - Job 3: Subtask extract
[2026-09-21T12:44:27.940+0000] {task_command.py:467} INFO - Running <TaskInstance: dss150p_sales_pipeline.extract scheduled__2026-09-20T02:00:00+00:00 [running]> on host 5d7985e2e0b9
[2026-09-21T12:44:29.518+0000] {taskinstance.py:3134} INFO - Exporting env vars: AIRFLOW_CTX_DAG_OWNER='dss150p' AIRFLOW_CTX_DAG_ID='dss150p_sales_pipeline' AIRFLOW_CTX_TASK_ID='extract' AIRFLOW_CTX_EXECUTION_DATE='2026-09-20T02:00:00+00:00' AIRFLOW_CTX_TRY_NUMBER='1' AIRFLOW_CTX_DAG_RUN_ID='scheduled__2026-09-20T02:00:00+00:00'
[2026-09-21T12:44:29.541+0000] {taskinstance.py:732} INFO - ::endgroup::
[2026-09-21T12:44:30.447+0000] {subprocess.py:78} INFO - Tmp dir root location: /tmp
[2026-09-21T12:44:30.484+0000] {subprocess.py:88} INFO - Running command: ['/usr/bin/bash', '-c', 'cd /opt/airflow/project && PIPELINE_RUN_ID="scheduled__2026-09-20T02:00:00+00:00" python -m src.cli extract --mode { params.run_mode } --year { params.year } --month { params.month }']
[2026-09-21T12:44:30.696+0000] {subprocess.py:99} INFO - Output:
[2026-09-21T12:44:48.397+0000] {subprocess.py:106} INFO - usage: cli.py [-h] {extract,transform,curate,load,run-all,load-partition} ...
[2026-09-21T12:44:48.410+0000] {subprocess.py:106} INFO - cli.py: error: unrecognized arguments: --mode { params.run_mode } --year { params.year } --month { params.month }
[2026-09-21T12:44:49.477+0000] {subprocess.py:110} INFO - Command exited with return code 2
[2026-09-21T12:44:49.584+0000] {taskinstance.py:3313} ERROR - Task failed with exception
Traceback (most recent call last):
  File "/home/airflow/.local/lib/python3.11/site-packages/airflow/models/taskinstance.py", line 763, in _execute_task
    result = _execute_callable(context=context, **execute_callable_kwargs)
             ^^^^^^^^^^^^^^^^^^^^^^^^^^^^^^^^^^^^^^^^^^^^^^^^^^^^^^^^^^^^^
  File "/home/airflow/.local/lib/python3.11/site-packages/airflow/models/taskinstance.py", line 734, in _execute_callable
    return ExecutionCallableRunner(
           ^^^^^^^^^^^^^^^^^^^^^^^^
  File "/home/airflow/.local/lib/python3.11/site-packages/airflow/utils/operator_helpers.py", line 252, in run
    return self.func(*args, **kwargs)
           ^^^^^^^^^^^^^^^^^^^^^^^^^^
  File "/home/airflow/.local/lib/python3.11/site-packages/airflow/models/baseoperator.py", line 424, in wrapper
    return func(self, *args, **kwargs)
           ^^^^^^^^^^^^^^^^^^^^^^^^^^^
  File "/home/airflow/.local/lib/python3.11/site-packages/airflow/operators/bash.py", line 276, in execute
    raise AirflowException(
airflow.exceptions.AirflowException: Bash command failed. The command returned a non-zero exit code 2.
[2026-09-21T12:44:49.687+0000] {taskinstance.py:1226} INFO - Marking task as UP_FOR_RETRY. dag_id=dss150p_sales_pipeline, task_id=extract, run_id=scheduled__2026-09-20T02:00:00+00:00, execution_date=20260920T020000, start_date=20260921T124424, end_date=20260921T124449
[2026-09-21T12:44:49.933+0000] {taskinstance.py:341} INFO - ::group::Post task execution logs
[2026-09-21T12:44:49.944+0000] {standard_task_runner.py:124} ERROR - Failed to execute job 3 for task extract (Bash command failed. The command returned a non-zero exit code 2.; 673)
Traceback (most recent call last):
  File "/home/airflow/.local/lib/python3.11/site-packages/airflow/task/task_runner/standard_task_runner.py", line 117, in _start_by_fork
    ret = args.func(args, dag=self.dag)
          ^^^^^^^^^^^^^^^^^^^^^^^^^^^^^
  File "/home/airflow/.local/lib/python3.11/site-packages/airflow/cli/cli_config.py", line 49, in command
    return func(*args, **kwargs)
           ^^^^^^^^^^^^^^^^^^^^^
  File "/home/airflow/.local/lib/python3.11/site-packages/airflow/utils/cli.py", line 116, in wrapper
    return f(*args, **kwargs)
           ^^^^^^^^^^^^^^^^^^
  File "/home/airflow/.local/lib/python3.11/site-packages/airflow/cli/commands/task_command.py", line 483, in task_run
    task_return_code = _run_task_by_selected_method(args, _dag, ti)
                       ^^^^^^^^^^^^^^^^^^^^^^^^^^^^^^^^^^^^^^^^^^^^
  File "/home/airflow/.local/lib/python3.11/site-packages/airflow/cli/commands/task_command.py", line 256, in _run_task_by_selected_method
    return _run_raw_task(args, ti)
           ^^^^^^^^^^^^^^^^^^^^^^^
  File "/home/airflow/.local/lib/python3.11/site-packages/airflow/cli/commands/task_command.py", line 341, in _run_raw_task
    return ti._run_raw_task(
           ^^^^^^^^^^^^^^^^^
  File "/home/airflow/.local/lib/python3.11/site-packages/airflow/utils/session.py", line 97, in wrapper
    return func(*args, session=session, **kwargs)
           ^^^^^^^^^^^^^^^^^^^^^^^^^^^^^^^^^^^^^^
  File "/home/airflow/.local/lib/python3.11/site-packages/airflow/models/taskinstance.py", line 3006, in _run_raw_task
    return _run_raw_task(
           ^^^^^^^^^^^^^^
  File "/home/airflow/.local/lib/python3.11/site-packages/airflow/models/taskinstance.py", line 274, in _run_raw_task
    TaskInstance._execute_task_with_callbacks(
  File "/home/airflow/.local/lib/python3.11/site-packages/airflow/models/taskinstance.py", line 3161, in _execute_task_with_callbacks
    result = self._execute_task(context, task_orig)
             ^^^^^^^^^^^^^^^^^^^^^^^^^^^^^^^^^^^^^^
  File "/home/airflow/.local/lib/python3.11/site-packages/airflow/models/taskinstance.py", line 3185, in _execute_task
    return _execute_task(self, context, task_orig)
           ^^^^^^^^^^^^^^^^^^^^^^^^^^^^^^^^^^^^^^^
  File "/home/airflow/.local/lib/python3.11/site-packages/airflow/models/taskinstance.py", line 763, in _execute_task
    result = _execute_callable(context=context, **execute_callable_kwargs)
             ^^^^^^^^^^^^^^^^^^^^^^^^^^^^^^^^^^^^^^^^^^^^^^^^^^^^^^^^^^^^^
  File "/home/airflow/.local/lib/python3.11/site-packages/airflow/models/taskinstance.py", line 734, in _execute_callable
    return ExecutionCallableRunner(
           ^^^^^^^^^^^^^^^^^^^^^^^^
  File "/home/airflow/.local/lib/python3.11/site-packages/airflow/utils/operator_helpers.py", line 252, in run
    return self.func(*args, **kwargs)
           ^^^^^^^^^^^^^^^^^^^^^^^^^^
  File "/home/airflow/.local/lib/python3.11/site-packages/airflow/models/baseoperator.py", line 424, in wrapper
    return func(self, *args, **kwargs)
           ^^^^^^^^^^^^^^^^^^^^^^^^^^^
  File "/home/airflow/.local/lib/python3.11/site-packages/airflow/operators/bash.py", line 276, in execute
    raise AirflowException(
airflow.exceptions.AirflowException: Bash command failed. The command returned a non-zero exit code 2.
[2026-09-21T12:44:50.044+0000] {local_task_job_runner.py:266} INFO - Task exited with return code 1
[2026-09-21T12:44:50.092+0000] {local_task_job_runner.py:245} INFO - ::endgroup::
