[2026-09-21T15:36:29.178+0000] {local_task_job_runner.py:123} INFO - ::group::Pre task execution logs
[2026-09-21T15:36:29.249+0000] {taskinstance.py:2614} INFO - Dependencies all met for dep_context=non-requeueable deps ti=<TaskInstance: dss150p_sales_pipeline.transform manual__2026-09-21T15:33:45+00:00 [queued]>
[2026-09-21T15:36:29.279+0000] {taskinstance.py:2614} INFO - Dependencies all met for dep_context=requeueable deps ti=<TaskInstance: dss150p_sales_pipeline.transform manual__2026-09-21T15:33:45+00:00 [queued]>
[2026-09-21T15:36:29.289+0000] {taskinstance.py:2867} INFO - Starting attempt 3 of 3
[2026-09-21T15:36:29.335+0000] {taskinstance.py:2890} INFO - Executing <Task(BashOperator): transform> on 2026-09-21 15:33:45+00:00
[2026-09-21T15:36:29.353+0000] {standard_task_runner.py:72} INFO - Started process 287 to run task
[2026-09-21T15:36:29.364+0000] {standard_task_runner.py:104} INFO - Running: ['airflow', 'tasks', 'run', 'dss150p_sales_pipeline', 'transform', 'manual__2026-09-21T15:33:45+00:00', '--job-id', '72', '--raw', '--subdir', 'DAGS_FOLDER/dss150p_pipeline.py', '--cfg-path', '/tmp/tmpmhe_rogg']
[2026-09-21T15:36:29.381+0000] {standard_task_runner.py:105} INFO - Job 72: Subtask transform
[2026-09-21T15:36:29.603+0000] {task_command.py:467} INFO - Running <TaskInstance: dss150p_sales_pipeline.transform manual__2026-09-21T15:33:45+00:00 [running]> on host 5d7985e2e0b9
[2026-09-21T15:36:30.019+0000] {taskinstance.py:3134} INFO - Exporting env vars: AIRFLOW_CTX_DAG_OWNER='dss150p' AIRFLOW_CTX_DAG_ID='dss150p_sales_pipeline' AIRFLOW_CTX_TASK_ID='transform' AIRFLOW_CTX_EXECUTION_DATE='2026-09-21T15:33:45+00:00' AIRFLOW_CTX_TRY_NUMBER='3' AIRFLOW_CTX_DAG_RUN_ID='manual__2026-09-21T15:33:45+00:00'
[2026-09-21T15:36:30.024+0000] {taskinstance.py:732} INFO - ::endgroup::
[2026-09-21T15:36:30.061+0000] {subprocess.py:78} INFO - Tmp dir root location: /tmp
[2026-09-21T15:36:30.069+0000] {subprocess.py:88} INFO - Running command: ['/usr/bin/bash', '-c', 'cd /opt/airflow/project && PIPELINE_RUN_ID="manual__2026-09-21T15:33:45+00:00" python -m src.cli transform --run-id "manual__2026-09-21T15:33:45+00:00"']
[2026-09-21T15:36:30.091+0000] {subprocess.py:99} INFO - Output:
[2026-09-21T15:36:35.262+0000] {subprocess.py:106} INFO - Traceback (most recent call last):
[2026-09-21T15:36:35.266+0000] {subprocess.py:106} INFO -   File "<frozen runpy>", line 198, in _run_module_as_main
[2026-09-21T15:36:35.269+0000] {subprocess.py:106} INFO -   File "<frozen runpy>", line 88, in _run_code
[2026-09-21T15:36:35.271+0000] {subprocess.py:106} INFO -   File "/opt/airflow/project/src/cli.py", line 159, in <module>
[2026-09-21T15:36:35.274+0000] {subprocess.py:106} INFO -     main()
[2026-09-21T15:36:35.277+0000] {subprocess.py:106} INFO -   File "/opt/airflow/project/src/cli.py", line 64, in main
[2026-09-21T15:36:35.281+0000] {subprocess.py:106} INFO -     staged, quarantine = build_staging(raw_dir, args.run_id)
[2026-09-21T15:36:35.284+0000] {subprocess.py:106} INFO -                          ^^^^^^^^^^^^^^^^^^^^^^^^^^^^^^^^^^^
[2026-09-21T15:36:35.290+0000] {subprocess.py:106} INFO -   File "/opt/airflow/project/src/transform/staging.py", line 61, in build_staging
[2026-09-21T15:36:35.294+0000] {subprocess.py:106} INFO -     orders = pd.read_csv(raw_dir / "orders.csv")
[2026-09-21T15:36:35.299+0000] {subprocess.py:106} INFO -              ^^^^^^^^^^^^^^^^^^^^^^^^^^^^^^^^^^^
[2026-09-21T15:36:35.307+0000] {subprocess.py:106} INFO -   File "/home/airflow/.local/lib/python3.11/site-packages/pandas/io/parsers/readers.py", line 1026, in read_csv
[2026-09-21T15:36:35.311+0000] {subprocess.py:106} INFO -     return _read(filepath_or_buffer, kwds)
[2026-09-21T15:36:35.315+0000] {subprocess.py:106} INFO -            ^^^^^^^^^^^^^^^^^^^^^^^^^^^^^^^
[2026-09-21T15:36:35.318+0000] {subprocess.py:106} INFO -   File "/home/airflow/.local/lib/python3.11/site-packages/pandas/io/parsers/readers.py", line 620, in _read
[2026-09-21T15:36:35.321+0000] {subprocess.py:106} INFO -     parser = TextFileReader(filepath_or_buffer, **kwds)
[2026-09-21T15:36:35.324+0000] {subprocess.py:106} INFO -              ^^^^^^^^^^^^^^^^^^^^^^^^^^^^^^^^^^^^^^^^^^
[2026-09-21T15:36:35.328+0000] {subprocess.py:106} INFO -   File "/home/airflow/.local/lib/python3.11/site-packages/pandas/io/parsers/readers.py", line 1620, in __init__
[2026-09-21T15:36:35.333+0000] {subprocess.py:106} INFO -     self._engine = self._make_engine(f, self.engine)
[2026-09-21T15:36:35.336+0000] {subprocess.py:106} INFO -                    ^^^^^^^^^^^^^^^^^^^^^^^^^^^^^^^^^
[2026-09-21T15:36:35.340+0000] {subprocess.py:106} INFO -   File "/home/airflow/.local/lib/python3.11/site-packages/pandas/io/parsers/readers.py", line 1880, in _make_engine
[2026-09-21T15:36:35.343+0000] {subprocess.py:106} INFO -     self.handles = get_handle(
[2026-09-21T15:36:35.348+0000] {subprocess.py:106} INFO -                    ^^^^^^^^^^^
[2026-09-21T15:36:35.351+0000] {subprocess.py:106} INFO -   File "/home/airflow/.local/lib/python3.11/site-packages/pandas/io/common.py", line 873, in get_handle
[2026-09-21T15:36:35.354+0000] {subprocess.py:106} INFO -     handle = open(
[2026-09-21T15:36:35.358+0000] {subprocess.py:106} INFO -              ^^^^^
[2026-09-21T15:36:35.361+0000] {subprocess.py:106} INFO - FileNotFoundError: [Errno 2] No such file or directory: '/opt/airflow/project/data/raw/run_id=manual__2026-09-21T15:33:45+00:00/orders.csv'
[2026-09-21T15:36:35.590+0000] {subprocess.py:110} INFO - Command exited with return code 1
[2026-09-21T15:36:35.632+0000] {taskinstance.py:3313} ERROR - Task failed with exception
Traceback (most recent call last):
  File "/home/airflow/.local/lib/python3.11/site-packages/airflow/models/taskinstance.py", line 763, in _execute_task
    result = _execute_callable(context=context, **execute_callable_kwargs)
             ^^^^^^^^^^^^^^^^^^^^^^^^^^^^^^^^^^^^^^^^^^^^^^^^^^^^^^^^^^^^^
  File "/home/airflow/.local/lib/python3.11/site-packages/airflow/models/taskinstance.py", line 734, in _execute_callable
    return ExecutionCallableRunner(
           ^^^^^^^^^^^^^^^^^^^^^^^^
  File "/home/airflow/.local/lib/python3.11/site-packages/airflow/utils/operator_helpers.py", line 252, in run
    return self.func(*args, **kwargs)
           ^^^^^^^^^^^^^^^^^^^^^^^^^^
  File "/home/airflow/.local/lib/python3.11/site-packages/airflow/models/baseoperator.py", line 424, in wrapper
    return func(self, *args, **kwargs)
           ^^^^^^^^^^^^^^^^^^^^^^^^^^^
  File "/home/airflow/.local/lib/python3.11/site-packages/airflow/operators/bash.py", line 276, in execute
    raise AirflowException(
airflow.exceptions.AirflowException: Bash command failed. The command returned a non-zero exit code 1.
[2026-09-21T15:36:35.645+0000] {taskinstance.py:1226} INFO - Marking task as FAILED. dag_id=dss150p_sales_pipeline, task_id=transform, run_id=manual__2026-09-21T15:33:45+00:00, execution_date=20260921T153345, start_date=20260921T153629, end_date=20260921T153635
[2026-09-21T15:36:35.651+0000] {taskinstance.py:1564} INFO - Executing callback at index 0: failure_callback
[2026-09-21T15:36:35.654+0000] {logging_mixin.py:190} INFO - TASK FAILED: transform
[2026-09-21T15:36:35.656+0000] {logging_mixin.py:190} INFO - RUN ID: manual__2026-09-21T15:33:45+00:00
[2026-09-21T15:36:35.659+0000] {logging_mixin.py:190} INFO - ERROR: Bash command failed. The command returned a non-zero exit code 1.
[2026-09-21T15:36:35.740+0000] {taskinstance.py:341} INFO - ::group::Post task execution logs
[2026-09-21T15:36:35.743+0000] {standard_task_runner.py:124} ERROR - Failed to execute job 72 for task transform (Bash command failed. The command returned a non-zero exit code 1.; 287)
Traceback (most recent call last):
  File "/home/airflow/.local/lib/python3.11/site-packages/airflow/task/task_runner/standard_task_runner.py", line 117, in _start_by_fork
    ret = args.func(args, dag=self.dag)
          ^^^^^^^^^^^^^^^^^^^^^^^^^^^^^
  File "/home/airflow/.local/lib/python3.11/site-packages/airflow/cli/cli_config.py", line 49, in command
    return func(*args, **kwargs)
           ^^^^^^^^^^^^^^^^^^^^^
  File "/home/airflow/.local/lib/python3.11/site-packages/airflow/utils/cli.py", line 116, in wrapper
    return f(*args, **kwargs)
           ^^^^^^^^^^^^^^^^^^
  File "/home/airflow/.local/lib/python3.11/site-packages/airflow/cli/commands/task_command.py", line 483, in task_run
    task_return_code = _run_task_by_selected_method(args, _dag, ti)
                       ^^^^^^^^^^^^^^^^^^^^^^^^^^^^^^^^^^^^^^^^^^^^
  File "/home/airflow/.local/lib/python3.11/site-packages/airflow/cli/commands/task_command.py", line 256, in _run_task_by_selected_method
    return _run_raw_task(args, ti)
           ^^^^^^^^^^^^^^^^^^^^^^^
  File "/home/airflow/.local/lib/python3.11/site-packages/airflow/cli/commands/task_command.py", line 341, in _run_raw_task
    return ti._run_raw_task(
           ^^^^^^^^^^^^^^^^^
  File "/home/airflow/.local/lib/python3.11/site-packages/airflow/utils/session.py", line 97, in wrapper
    return func(*args, session=session, **kwargs)
           ^^^^^^^^^^^^^^^^^^^^^^^^^^^^^^^^^^^^^^
  File "/home/airflow/.local/lib/python3.11/site-packages/airflow/models/taskinstance.py", line 3006, in _run_raw_task
    return _run_raw_task(
           ^^^^^^^^^^^^^^
  File "/home/airflow/.local/lib/python3.11/site-packages/airflow/models/taskinstance.py", line 274, in _run_raw_task
    TaskInstance._execute_task_with_callbacks(
  File "/home/airflow/.local/lib/python3.11/site-packages/airflow/models/taskinstance.py", line 3161, in _execute_task_with_callbacks
    result = self._execute_task(context, task_orig)
             ^^^^^^^^^^^^^^^^^^^^^^^^^^^^^^^^^^^^^^
  File "/home/airflow/.local/lib/python3.11/site-packages/airflow/models/taskinstance.py", line 3185, in _execute_task
    return _execute_task(self, context, task_orig)
           ^^^^^^^^^^^^^^^^^^^^^^^^^^^^^^^^^^^^^^^
  File "/home/airflow/.local/lib/python3.11/site-packages/airflow/models/taskinstance.py", line 763, in _execute_task
    result = _execute_callable(context=context, **execute_callable_kwargs)
             ^^^^^^^^^^^^^^^^^^^^^^^^^^^^^^^^^^^^^^^^^^^^^^^^^^^^^^^^^^^^^
  File "/home/airflow/.local/lib/python3.11/site-packages/airflow/models/taskinstance.py", line 734, in _execute_callable
    return ExecutionCallableRunner(
           ^^^^^^^^^^^^^^^^^^^^^^^^
  File "/home/airflow/.local/lib/python3.11/site-packages/airflow/utils/operator_helpers.py", line 252, in run
    return self.func(*args, **kwargs)
           ^^^^^^^^^^^^^^^^^^^^^^^^^^
  File "/home/airflow/.local/lib/python3.11/site-packages/airflow/models/baseoperator.py", line 424, in wrapper
    return func(self, *args, **kwargs)
           ^^^^^^^^^^^^^^^^^^^^^^^^^^^
  File "/home/airflow/.local/lib/python3.11/site-packages/airflow/operators/bash.py", line 276, in execute
    raise AirflowException(
airflow.exceptions.AirflowException: Bash command failed. The command returned a non-zero exit code 1.
[2026-09-21T15:36:35.799+0000] {local_task_job_runner.py:266} INFO - Task exited with return code 1
[2026-09-21T15:36:35.902+0000] {taskinstance.py:3901} INFO - 0 downstream tasks scheduled from follow-on schedule check
[2026-09-21T15:36:35.923+0000] {local_task_job_runner.py:245} INFO - ::endgroup::
