[2026-09-21T15:34:15.459+0000] {local_task_job_runner.py:123} INFO - ::group::Pre task execution logs
[2026-09-21T15:34:15.528+0000] {taskinstance.py:2614} INFO - Dependencies all met for dep_context=non-requeueable deps ti=<TaskInstance: dss150p_sales_pipeline.transform manual__2026-09-21T15:33:45+00:00 [queued]>
[2026-09-21T15:34:15.558+0000] {taskinstance.py:2614} INFO - Dependencies all met for dep_context=requeueable deps ti=<TaskInstance: dss150p_sales_pipeline.transform manual__2026-09-21T15:33:45+00:00 [queued]>
[2026-09-21T15:34:15.561+0000] {taskinstance.py:2867} INFO - Starting attempt 1 of 3
[2026-09-21T15:34:15.605+0000] {taskinstance.py:2890} INFO - Executing <Task(BashOperator): transform> on 2026-09-21 15:33:45+00:00
[2026-09-21T15:34:15.636+0000] {standard_task_runner.py:72} INFO - Started process 238 to run task
[2026-09-21T15:34:15.652+0000] {standard_task_runner.py:104} INFO - Running: ['airflow', 'tasks', 'run', 'dss150p_sales_pipeline', 'transform', 'manual__2026-09-21T15:33:45+00:00', '--job-id', '70', '--raw', '--subdir', 'DAGS_FOLDER/dss150p_pipeline.py', '--cfg-path', '/tmp/tmppwlbz8nd']
[2026-09-21T15:34:15.678+0000] {standard_task_runner.py:105} INFO - Job 70: Subtask transform
[2026-09-21T15:34:15.915+0000] {task_command.py:467} INFO - Running <TaskInstance: dss150p_sales_pipeline.transform manual__2026-09-21T15:33:45+00:00 [running]> on host 5d7985e2e0b9
[2026-09-21T15:34:16.455+0000] {taskinstance.py:3134} INFO - Exporting env vars: AIRFLOW_CTX_DAG_OWNER='dss150p' AIRFLOW_CTX_DAG_ID='dss150p_sales_pipeline' AIRFLOW_CTX_TASK_ID='transform' AIRFLOW_CTX_EXECUTION_DATE='2026-09-21T15:33:45+00:00' AIRFLOW_CTX_TRY_NUMBER='1' AIRFLOW_CTX_DAG_RUN_ID='manual__2026-09-21T15:33:45+00:00'
[2026-09-21T15:34:16.460+0000] {taskinstance.py:732} INFO - ::endgroup::
[2026-09-21T15:34:16.520+0000] {subprocess.py:78} INFO - Tmp dir root location: /tmp
[2026-09-21T15:34:16.525+0000] {subprocess.py:88} INFO - Running command: ['/usr/bin/bash', '-c', 'cd /opt/airflow/project && PIPELINE_RUN_ID="manual__2026-09-21T15:33:45+00:00" python -m src.cli transform --run-id "manual__2026-09-21T15:33:45+00:00"']
[2026-09-21T15:34:16.573+0000] {subprocess.py:99} INFO - Output:
[2026-09-21T15:34:20.206+0000] {subprocess.py:106} INFO - Traceback (most recent call last):
[2026-09-21T15:34:20.209+0000] {subprocess.py:106} INFO -   File "<frozen runpy>", line 198, in _run_module_as_main
[2026-09-21T15:34:20.212+0000] {subprocess.py:106} INFO -   File "<frozen runpy>", line 88, in _run_code
[2026-09-21T15:34:20.216+0000] {subprocess.py:106} INFO -   File "/opt/airflow/project/src/cli.py", line 159, in <module>
[2026-09-21T15:34:20.251+0000] {subprocess.py:106} INFO -     main()
[2026-09-21T15:34:20.253+0000] {subprocess.py:106} INFO -   File "/opt/airflow/project/src/cli.py", line 64, in main
[2026-09-21T15:34:20.256+0000] {subprocess.py:106} INFO -     staged, quarantine = build_staging(raw_dir, args.run_id)
[2026-09-21T15:34:20.259+0000] {subprocess.py:106} INFO -                          ^^^^^^^^^^^^^^^^^^^^^^^^^^^^^^^^^^^
[2026-09-21T15:34:20.262+0000] {subprocess.py:106} INFO -   File "/opt/airflow/project/src/transform/staging.py", line 61, in build_staging
[2026-09-21T15:34:20.283+0000] {subprocess.py:106} INFO -     orders = pd.read_csv(raw_dir / "orders.csv")
[2026-09-21T15:34:20.286+0000] {subprocess.py:106} INFO -              ^^^^^^^^^^^^^^^^^^^^^^^^^^^^^^^^^^^
[2026-09-21T15:34:20.289+0000] {subprocess.py:106} INFO -   File "/home/airflow/.local/lib/python3.11/site-packages/pandas/io/parsers/readers.py", line 1026, in read_csv
[2026-09-21T15:34:20.292+0000] {subprocess.py:106} INFO -     return _read(filepath_or_buffer, kwds)
[2026-09-21T15:34:20.294+0000] {subprocess.py:106} INFO -            ^^^^^^^^^^^^^^^^^^^^^^^^^^^^^^^
[2026-09-21T15:34:20.300+0000] {subprocess.py:106} INFO -   File "/home/airflow/.local/lib/python3.11/site-packages/pandas/io/parsers/readers.py", line 620, in _read
[2026-09-21T15:34:20.303+0000] {subprocess.py:106} INFO -     parser = TextFileReader(filepath_or_buffer, **kwds)
[2026-09-21T15:34:20.307+0000] {subprocess.py:106} INFO -              ^^^^^^^^^^^^^^^^^^^^^^^^^^^^^^^^^^^^^^^^^^
[2026-09-21T15:34:20.310+0000] {subprocess.py:106} INFO -   File "/home/airflow/.local/lib/python3.11/site-packages/pandas/io/parsers/readers.py", line 1620, in __init__
[2026-09-21T15:34:20.317+0000] {subprocess.py:106} INFO -     self._engine = self._make_engine(f, self.engine)
[2026-09-21T15:34:20.319+0000] {subprocess.py:106} INFO -                    ^^^^^^^^^^^^^^^^^^^^^^^^^^^^^^^^^
[2026-09-21T15:34:20.322+0000] {subprocess.py:106} INFO -   File "/home/airflow/.local/lib/python3.11/site-packages/pandas/io/parsers/readers.py", line 1880, in _make_engine
[2026-09-21T15:34:20.325+0000] {subprocess.py:106} INFO -     self.handles = get_handle(
[2026-09-21T15:34:20.328+0000] {subprocess.py:106} INFO -                    ^^^^^^^^^^^
[2026-09-21T15:34:20.333+0000] {subprocess.py:106} INFO -   File "/home/airflow/.local/lib/python3.11/site-packages/pandas/io/common.py", line 873, in get_handle
[2026-09-21T15:34:20.336+0000] {subprocess.py:106} INFO -     handle = open(
[2026-09-21T15:34:20.339+0000] {subprocess.py:106} INFO -              ^^^^^
[2026-09-21T15:34:20.342+0000] {subprocess.py:106} INFO - FileNotFoundError: [Errno 2] No such file or directory: '/opt/airflow/project/data/raw/run_id=manual__2026-09-21T15:33:45+00:00/orders.csv'
[2026-09-21T15:34:20.543+0000] {subprocess.py:110} INFO - Command exited with return code 1
[2026-09-21T15:34:20.582+0000] {taskinstance.py:3313} ERROR - Task failed with exception
Traceback (most recent call last):
  File "/home/airflow/.local/lib/python3.11/site-packages/airflow/models/taskinstance.py", line 763, in _execute_task
    result = _execute_callable(context=context, **execute_callable_kwargs)
             ^^^^^^^^^^^^^^^^^^^^^^^^^^^^^^^^^^^^^^^^^^^^^^^^^^^^^^^^^^^^^
  File "/home/airflow/.local/lib/python3.11/site-packages/airflow/models/taskinstance.py", line 734, in _execute_callable
    return ExecutionCallableRunner(
           ^^^^^^^^^^^^^^^^^^^^^^^^
  File "/home/airflow/.local/lib/python3.11/site-packages/airflow/utils/operator_helpers.py", line 252, in run
    return self.func(*args, **kwargs)
           ^^^^^^^^^^^^^^^^^^^^^^^^^^
  File "/home/airflow/.local/lib/python3.11/site-packages/airflow/models/baseoperator.py", line 424, in wrapper
    return func(self, *args, **kwargs)
           ^^^^^^^^^^^^^^^^^^^^^^^^^^^
  File "/home/airflow/.local/lib/python3.11/site-packages/airflow/operators/bash.py", line 276, in execute
    raise AirflowException(
airflow.exceptions.AirflowException: Bash command failed. The command returned a non-zero exit code 1.
[2026-09-21T15:34:20.634+0000] {taskinstance.py:1226} INFO - Marking task as UP_FOR_RETRY. dag_id=dss150p_sales_pipeline, task_id=transform, run_id=manual__2026-09-21T15:33:45+00:00, execution_date=20260921T153345, start_date=20260921T153415, end_date=20260921T153420
[2026-09-21T15:34:20.796+0000] {taskinstance.py:341} INFO - ::group::Post task execution logs
[2026-09-21T15:34:20.807+0000] {standard_task_runner.py:124} ERROR - Failed to execute job 70 for task transform (Bash command failed. The command returned a non-zero exit code 1.; 238)
Traceback (most recent call last):
  File "/home/airflow/.local/lib/python3.11/site-packages/airflow/task/task_runner/standard_task_runner.py", line 117, in _start_by_fork
    ret = args.func(args, dag=self.dag)
          ^^^^^^^^^^^^^^^^^^^^^^^^^^^^^
  File "/home/airflow/.local/lib/python3.11/site-packages/airflow/cli/cli_config.py", line 49, in command
    return func(*args, **kwargs)
           ^^^^^^^^^^^^^^^^^^^^^
  File "/home/airflow/.local/lib/python3.11/site-packages/airflow/utils/cli.py", line 116, in wrapper
    return f(*args, **kwargs)
           ^^^^^^^^^^^^^^^^^^
  File "/home/airflow/.local/lib/python3.11/site-packages/airflow/cli/commands/task_command.py", line 483, in task_run
    task_return_code = _run_task_by_selected_method(args, _dag, ti)
                       ^^^^^^^^^^^^^^^^^^^^^^^^^^^^^^^^^^^^^^^^^^^^
  File "/home/airflow/.local/lib/python3.11/site-packages/airflow/cli/commands/task_command.py", line 256, in _run_task_by_selected_method
    return _run_raw_task(args, ti)
           ^^^^^^^^^^^^^^^^^^^^^^^
  File "/home/airflow/.local/lib/python3.11/site-packages/airflow/cli/commands/task_command.py", line 341, in _run_raw_task
    return ti._run_raw_task(
           ^^^^^^^^^^^^^^^^^
  File "/home/airflow/.local/lib/python3.11/site-packages/airflow/utils/session.py", line 97, in wrapper
    return func(*args, session=session, **kwargs)
           ^^^^^^^^^^^^^^^^^^^^^^^^^^^^^^^^^^^^^^
  File "/home/airflow/.local/lib/python3.11/site-packages/airflow/models/taskinstance.py", line 3006, in _run_raw_task
    return _run_raw_task(
           ^^^^^^^^^^^^^^
  File "/home/airflow/.local/lib/python3.11/site-packages/airflow/models/taskinstance.py", line 274, in _run_raw_task
    TaskInstance._execute_task_with_callbacks(
  File "/home/airflow/.local/lib/python3.11/site-packages/airflow/models/taskinstance.py", line 3161, in _execute_task_with_callbacks
    result = self._execute_task(context, task_orig)
             ^^^^^^^^^^^^^^^^^^^^^^^^^^^^^^^^^^^^^^
  File "/home/airflow/.local/lib/python3.11/site-packages/airflow/models/taskinstance.py", line 3185, in _execute_task
    return _execute_task(self, context, task_orig)
           ^^^^^^^^^^^^^^^^^^^^^^^^^^^^^^^^^^^^^^^
  File "/home/airflow/.local/lib/python3.11/site-packages/airflow/models/taskinstance.py", line 763, in _execute_task
    result = _execute_callable(context=context, **execute_callable_kwargs)
             ^^^^^^^^^^^^^^^^^^^^^^^^^^^^^^^^^^^^^^^^^^^^^^^^^^^^^^^^^^^^^
  File "/home/airflow/.local/lib/python3.11/site-packages/airflow/models/taskinstance.py", line 734, in _execute_callable
    return ExecutionCallableRunner(
           ^^^^^^^^^^^^^^^^^^^^^^^^
  File "/home/airflow/.local/lib/python3.11/site-packages/airflow/utils/operator_helpers.py", line 252, in run
    return self.func(*args, **kwargs)
           ^^^^^^^^^^^^^^^^^^^^^^^^^^
  File "/home/airflow/.local/lib/python3.11/site-packages/airflow/models/baseoperator.py", line 424, in wrapper
    return func(self, *args, **kwargs)
           ^^^^^^^^^^^^^^^^^^^^^^^^^^^
  File "/home/airflow/.local/lib/python3.11/site-packages/airflow/operators/bash.py", line 276, in execute
    raise AirflowException(
airflow.exceptions.AirflowException: Bash command failed. The command returned a non-zero exit code 1.
[2026-09-21T15:34:20.982+0000] {local_task_job_runner.py:266} INFO - Task exited with return code 1
[2026-09-21T15:34:21.037+0000] {taskinstance.py:3901} INFO - 0 downstream tasks scheduled from follow-on schedule check
[2026-09-21T15:34:21.042+0000] {local_task_job_runner.py:245} INFO - ::endgroup::
