[2026-09-21T13:25:06.168+0000] {local_task_job_runner.py:123} INFO - ::group::Pre task execution logs
[2026-09-21T13:25:06.223+0000] {taskinstance.py:2614} INFO - Dependencies all met for dep_context=non-requeueable deps ti=<TaskInstance: dss150p_sales_pipeline.transform manual__2026-09-21T13:22:08+00:00 [queued]>
[2026-09-21T13:25:06.246+0000] {taskinstance.py:2614} INFO - Dependencies all met for dep_context=requeueable deps ti=<TaskInstance: dss150p_sales_pipeline.transform manual__2026-09-21T13:22:08+00:00 [queued]>
[2026-09-21T13:25:06.250+0000] {taskinstance.py:2867} INFO - Starting attempt 3 of 3
[2026-09-21T13:25:06.295+0000] {taskinstance.py:2890} INFO - Executing <Task(BashOperator): transform> on 2026-09-21 13:22:08+00:00
[2026-09-21T13:25:06.311+0000] {standard_task_runner.py:72} INFO - Started process 1294 to run task
[2026-09-21T13:25:06.321+0000] {standard_task_runner.py:104} INFO - Running: ['airflow', 'tasks', 'run', 'dss150p_sales_pipeline', 'transform', 'manual__2026-09-21T13:22:08+00:00', '--job-id', '32', '--raw', '--subdir', 'DAGS_FOLDER/dss150p_pipeline.py', '--cfg-path', '/tmp/tmpmdvht1_w']
[2026-09-21T13:25:06.329+0000] {standard_task_runner.py:105} INFO - Job 32: Subtask transform
[2026-09-21T13:25:06.562+0000] {task_command.py:467} INFO - Running <TaskInstance: dss150p_sales_pipeline.transform manual__2026-09-21T13:22:08+00:00 [running]> on host 5d7985e2e0b9
[2026-09-21T13:25:06.966+0000] {taskinstance.py:3134} INFO - Exporting env vars: AIRFLOW_CTX_DAG_OWNER='dss150p' AIRFLOW_CTX_DAG_ID='dss150p_sales_pipeline' AIRFLOW_CTX_TASK_ID='transform' AIRFLOW_CTX_EXECUTION_DATE='2026-09-21T13:22:08+00:00' AIRFLOW_CTX_TRY_NUMBER='3' AIRFLOW_CTX_DAG_RUN_ID='manual__2026-09-21T13:22:08+00:00'
[2026-09-21T13:25:06.970+0000] {taskinstance.py:732} INFO - ::endgroup::
[2026-09-21T13:25:07.014+0000] {subprocess.py:78} INFO - Tmp dir root location: /tmp
[2026-09-21T13:25:07.018+0000] {subprocess.py:88} INFO - Running command: ['/usr/bin/bash', '-c', 'cd /opt/airflow/project && PIPELINE_RUN_ID="manual__2026-09-21T13:22:08+00:00" python -m src.cli transform']
[2026-09-21T13:25:07.045+0000] {subprocess.py:99} INFO - Output:
[2026-09-21T13:25:10.729+0000] {subprocess.py:106} INFO - usage: cli.py transform [-h] --run-id RUN_ID
[2026-09-21T13:25:10.732+0000] {subprocess.py:106} INFO - cli.py transform: error: the following arguments are required: --run-id
[2026-09-21T13:25:10.960+0000] {subprocess.py:110} INFO - Command exited with return code 2
[2026-09-21T13:25:10.998+0000] {taskinstance.py:3313} ERROR - Task failed with exception
Traceback (most recent call last):
  File "/home/airflow/.local/lib/python3.11/site-packages/airflow/models/taskinstance.py", line 763, in _execute_task
    result = _execute_callable(context=context, **execute_callable_kwargs)
             ^^^^^^^^^^^^^^^^^^^^^^^^^^^^^^^^^^^^^^^^^^^^^^^^^^^^^^^^^^^^^
  File "/home/airflow/.local/lib/python3.11/site-packages/airflow/models/taskinstance.py", line 734, in _execute_callable
    return ExecutionCallableRunner(
           ^^^^^^^^^^^^^^^^^^^^^^^^
  File "/home/airflow/.local/lib/python3.11/site-packages/airflow/utils/operator_helpers.py", line 252, in run
    return self.func(*args, **kwargs)
           ^^^^^^^^^^^^^^^^^^^^^^^^^^
  File "/home/airflow/.local/lib/python3.11/site-packages/airflow/models/baseoperator.py", line 424, in wrapper
    return func(self, *args, **kwargs)
           ^^^^^^^^^^^^^^^^^^^^^^^^^^^
  File "/home/airflow/.local/lib/python3.11/site-packages/airflow/operators/bash.py", line 276, in execute
    raise AirflowException(
airflow.exceptions.AirflowException: Bash command failed. The command returned a non-zero exit code 2.
[2026-09-21T13:25:11.011+0000] {taskinstance.py:1226} INFO - Marking task as FAILED. dag_id=dss150p_sales_pipeline, task_id=transform, run_id=manual__2026-09-21T13:22:08+00:00, execution_date=20260921T132208, start_date=20260921T132506, end_date=20260921T132511
[2026-09-21T13:25:11.014+0000] {taskinstance.py:1564} INFO - Executing callback at index 0: failure_callback
[2026-09-21T13:25:11.016+0000] {logging_mixin.py:190} INFO - TASK FAILED: transform
[2026-09-21T13:25:11.020+0000] {logging_mixin.py:190} INFO - RUN ID: manual__2026-09-21T13:22:08+00:00
[2026-09-21T13:25:11.023+0000] {logging_mixin.py:190} INFO - ERROR: Bash command failed. The command returned a non-zero exit code 2.
[2026-09-21T13:25:11.125+0000] {taskinstance.py:341} INFO - ::group::Post task execution logs
[2026-09-21T13:25:11.129+0000] {standard_task_runner.py:124} ERROR - Failed to execute job 32 for task transform (Bash command failed. The command returned a non-zero exit code 2.; 1294)
Traceback (most recent call last):
  File "/home/airflow/.local/lib/python3.11/site-packages/airflow/task/task_runner/standard_task_runner.py", line 117, in _start_by_fork
    ret = args.func(args, dag=self.dag)
          ^^^^^^^^^^^^^^^^^^^^^^^^^^^^^
  File "/home/airflow/.local/lib/python3.11/site-packages/airflow/cli/cli_config.py", line 49, in command
    return func(*args, **kwargs)
           ^^^^^^^^^^^^^^^^^^^^^
  File "/home/airflow/.local/lib/python3.11/site-packages/airflow/utils/cli.py", line 116, in wrapper
    return f(*args, **kwargs)
           ^^^^^^^^^^^^^^^^^^
  File "/home/airflow/.local/lib/python3.11/site-packages/airflow/cli/commands/task_command.py", line 483, in task_run
    task_return_code = _run_task_by_selected_method(args, _dag, ti)
                       ^^^^^^^^^^^^^^^^^^^^^^^^^^^^^^^^^^^^^^^^^^^^
  File "/home/airflow/.local/lib/python3.11/site-packages/airflow/cli/commands/task_command.py", line 256, in _run_task_by_selected_method
    return _run_raw_task(args, ti)
           ^^^^^^^^^^^^^^^^^^^^^^^
  File "/home/airflow/.local/lib/python3.11/site-packages/airflow/cli/commands/task_command.py", line 341, in _run_raw_task
    return ti._run_raw_task(
           ^^^^^^^^^^^^^^^^^
  File "/home/airflow/.local/lib/python3.11/site-packages/airflow/utils/session.py", line 97, in wrapper
    return func(*args, session=session, **kwargs)
           ^^^^^^^^^^^^^^^^^^^^^^^^^^^^^^^^^^^^^^
  File "/home/airflow/.local/lib/python3.11/site-packages/airflow/models/taskinstance.py", line 3006, in _run_raw_task
    return _run_raw_task(
           ^^^^^^^^^^^^^^
  File "/home/airflow/.local/lib/python3.11/site-packages/airflow/models/taskinstance.py", line 274, in _run_raw_task
    TaskInstance._execute_task_with_callbacks(
  File "/home/airflow/.local/lib/python3.11/site-packages/airflow/models/taskinstance.py", line 3161, in _execute_task_with_callbacks
    result = self._execute_task(context, task_orig)
             ^^^^^^^^^^^^^^^^^^^^^^^^^^^^^^^^^^^^^^
  File "/home/airflow/.local/lib/python3.11/site-packages/airflow/models/taskinstance.py", line 3185, in _execute_task
    return _execute_task(self, context, task_orig)
           ^^^^^^^^^^^^^^^^^^^^^^^^^^^^^^^^^^^^^^^
  File "/home/airflow/.local/lib/python3.11/site-packages/airflow/models/taskinstance.py", line 763, in _execute_task
    result = _execute_callable(context=context, **execute_callable_kwargs)
             ^^^^^^^^^^^^^^^^^^^^^^^^^^^^^^^^^^^^^^^^^^^^^^^^^^^^^^^^^^^^^
  File "/home/airflow/.local/lib/python3.11/site-packages/airflow/models/taskinstance.py", line 734, in _execute_callable
    return ExecutionCallableRunner(
           ^^^^^^^^^^^^^^^^^^^^^^^^
  File "/home/airflow/.local/lib/python3.11/site-packages/airflow/utils/operator_helpers.py", line 252, in run
    return self.func(*args, **kwargs)
           ^^^^^^^^^^^^^^^^^^^^^^^^^^
  File "/home/airflow/.local/lib/python3.11/site-packages/airflow/models/baseoperator.py", line 424, in wrapper
    return func(self, *args, **kwargs)
           ^^^^^^^^^^^^^^^^^^^^^^^^^^^
  File "/home/airflow/.local/lib/python3.11/site-packages/airflow/operators/bash.py", line 276, in execute
    raise AirflowException(
airflow.exceptions.AirflowException: Bash command failed. The command returned a non-zero exit code 2.
[2026-09-21T13:25:11.186+0000] {local_task_job_runner.py:266} INFO - Task exited with return code 1
[2026-09-21T13:25:11.246+0000] {taskinstance.py:3901} INFO - 0 downstream tasks scheduled from follow-on schedule check
[2026-09-21T13:25:11.258+0000] {local_task_job_runner.py:245} INFO - ::endgroup::
