[2026-09-21T14:42:57.475+0000] {local_task_job_runner.py:123} INFO - ::group::Pre task execution logs
[2026-09-21T14:42:57.540+0000] {taskinstance.py:2614} INFO - Dependencies all met for dep_context=non-requeueable deps ti=<TaskInstance: dss150p_sales_pipeline.extract manual__2026-09-21T14:42:47+00:00 [queued]>
[2026-09-21T14:42:57.566+0000] {taskinstance.py:2614} INFO - Dependencies all met for dep_context=requeueable deps ti=<TaskInstance: dss150p_sales_pipeline.extract manual__2026-09-21T14:42:47+00:00 [queued]>
[2026-09-21T14:42:57.574+0000] {taskinstance.py:2867} INFO - Starting attempt 1 of 3
[2026-09-21T14:42:57.616+0000] {taskinstance.py:2890} INFO - Executing <Task(BashOperator): extract> on 2026-09-21 14:42:47+00:00
[2026-09-21T14:42:57.641+0000] {standard_task_runner.py:72} INFO - Started process 2416 to run task
[2026-09-21T14:42:57.648+0000] {standard_task_runner.py:104} INFO - Running: ['airflow', 'tasks', 'run', 'dss150p_sales_pipeline', 'extract', 'manual__2026-09-21T14:42:47+00:00', '--job-id', '64', '--raw', '--subdir', 'DAGS_FOLDER/dss150p_pipeline.py', '--cfg-path', '/tmp/tmpw83ekke_']
[2026-09-21T14:42:57.663+0000] {standard_task_runner.py:105} INFO - Job 64: Subtask extract
[2026-09-21T14:42:58.073+0000] {task_command.py:467} INFO - Running <TaskInstance: dss150p_sales_pipeline.extract manual__2026-09-21T14:42:47+00:00 [running]> on host 5d7985e2e0b9
[2026-09-21T14:42:58.548+0000] {taskinstance.py:3134} INFO - Exporting env vars: AIRFLOW_CTX_DAG_OWNER='dss150p' AIRFLOW_CTX_DAG_ID='dss150p_sales_pipeline' AIRFLOW_CTX_TASK_ID='extract' AIRFLOW_CTX_EXECUTION_DATE='2026-09-21T14:42:47+00:00' AIRFLOW_CTX_TRY_NUMBER='1' AIRFLOW_CTX_DAG_RUN_ID='manual__2026-09-21T14:42:47+00:00'
[2026-09-21T14:42:58.554+0000] {taskinstance.py:732} INFO - ::endgroup::
[2026-09-21T14:42:58.626+0000] {subprocess.py:78} INFO - Tmp dir root location: /tmp
[2026-09-21T14:42:58.633+0000] {subprocess.py:88} INFO - Running command: ['/usr/bin/bash', '-c', 'cd /opt/airflow/project && PIPELINE_RUN_ID="manual__2026-09-21T14:42:47+00:00" python -m src.cli extract --mode full --year 2026 --month 9']
[2026-09-21T14:42:58.689+0000] {subprocess.py:99} INFO - Output:
[2026-09-21T14:43:05.990+0000] {subprocess.py:106} INFO - Extraction complete. Snapshot at: /opt/airflow/project/data/raw/run_id=manual__2026-09-21T14:42:47+00:00
[2026-09-21T14:43:06.335+0000] {subprocess.py:110} INFO - Command exited with return code 0
[2026-09-21T14:43:06.427+0000] {taskinstance.py:341} INFO - ::group::Post task execution logs
[2026-09-21T14:43:06.431+0000] {taskinstance.py:353} INFO - Marking task as SUCCESS. dag_id=dss150p_sales_pipeline, task_id=extract, run_id=manual__2026-09-21T14:42:47+00:00, execution_date=20260921T144247, start_date=20260921T144257, end_date=20260921T144306
[2026-09-21T14:43:06.573+0000] {local_task_job_runner.py:266} INFO - Task exited with return code 0
[2026-09-21T14:43:06.653+0000] {taskinstance.py:3901} INFO - 1 downstream tasks scheduled from follow-on schedule check
[2026-09-21T14:43:06.658+0000] {local_task_job_runner.py:245} INFO - ::endgroup::
