[2026-09-21T15:38:46.552+0000] {local_task_job_runner.py:123} INFO - ::group::Pre task execution logs
[2026-09-21T15:38:46.649+0000] {taskinstance.py:2614} INFO - Dependencies all met for dep_context=non-requeueable deps ti=<TaskInstance: dss150p_sales_pipeline.extract manual__2026-09-21T15:38:38+00:00 [queued]>
[2026-09-21T15:38:46.722+0000] {taskinstance.py:2614} INFO - Dependencies all met for dep_context=requeueable deps ti=<TaskInstance: dss150p_sales_pipeline.extract manual__2026-09-21T15:38:38+00:00 [queued]>
[2026-09-21T15:38:46.757+0000] {taskinstance.py:2867} INFO - Starting attempt 1 of 3
[2026-09-21T15:38:46.864+0000] {taskinstance.py:2890} INFO - Executing <Task(BashOperator): extract> on 2026-09-21 15:38:38+00:00
[2026-09-21T15:38:46.896+0000] {standard_task_runner.py:72} INFO - Started process 321 to run task
[2026-09-21T15:38:46.923+0000] {standard_task_runner.py:104} INFO - Running: ['airflow', 'tasks', 'run', 'dss150p_sales_pipeline', 'extract', 'manual__2026-09-21T15:38:38+00:00', '--job-id', '73', '--raw', '--subdir', 'DAGS_FOLDER/dss150p_pipeline.py', '--cfg-path', '/tmp/tmp2uw6g376']
[2026-09-21T15:38:46.939+0000] {standard_task_runner.py:105} INFO - Job 73: Subtask extract
[2026-09-21T15:38:47.190+0000] {task_command.py:467} INFO - Running <TaskInstance: dss150p_sales_pipeline.extract manual__2026-09-21T15:38:38+00:00 [running]> on host 5d7985e2e0b9
[2026-09-21T15:38:47.629+0000] {taskinstance.py:3134} INFO - Exporting env vars: AIRFLOW_CTX_DAG_OWNER='dss150p' AIRFLOW_CTX_DAG_ID='dss150p_sales_pipeline' AIRFLOW_CTX_TASK_ID='extract' AIRFLOW_CTX_EXECUTION_DATE='2026-09-21T15:38:38+00:00' AIRFLOW_CTX_TRY_NUMBER='1' AIRFLOW_CTX_DAG_RUN_ID='manual__2026-09-21T15:38:38+00:00'
[2026-09-21T15:38:47.635+0000] {taskinstance.py:732} INFO - ::endgroup::
[2026-09-21T15:38:47.676+0000] {subprocess.py:78} INFO - Tmp dir root location: /tmp
[2026-09-21T15:38:47.683+0000] {subprocess.py:88} INFO - Running command: ['/usr/bin/bash', '-c', 'cd /opt/airflow/project && PIPELINE_RUN_ID="manual__2026-09-21T15:38:38+00:00" python -m src.cli extract --mode full --year 2026 --month 8']
[2026-09-21T15:38:47.710+0000] {subprocess.py:99} INFO - Output:
[2026-09-21T15:38:52.950+0000] {subprocess.py:106} INFO - Extraction complete. Snapshot at: /opt/airflow/project/data/raw/run_id=manual__2026-09-21T15:38:38+00:00
[2026-09-21T15:38:53.265+0000] {subprocess.py:110} INFO - Command exited with return code 0
[2026-09-21T15:38:53.347+0000] {taskinstance.py:341} INFO - ::group::Post task execution logs
[2026-09-21T15:38:53.351+0000] {taskinstance.py:353} INFO - Marking task as SUCCESS. dag_id=dss150p_sales_pipeline, task_id=extract, run_id=manual__2026-09-21T15:38:38+00:00, execution_date=20260921T153838, start_date=20260921T153846, end_date=20260921T153853
[2026-09-21T15:38:53.500+0000] {local_task_job_runner.py:266} INFO - Task exited with return code 0
[2026-09-21T15:38:53.583+0000] {taskinstance.py:3901} INFO - 1 downstream tasks scheduled from follow-on schedule check
[2026-09-21T15:38:53.589+0000] {local_task_job_runner.py:245} INFO - ::endgroup::
