[2026-09-21T13:53:26.370+0000] {local_task_job_runner.py:123} INFO - ::group::Pre task execution logs
[2026-09-21T13:53:26.517+0000] {taskinstance.py:2614} INFO - Dependencies all met for dep_context=non-requeueable deps ti=<TaskInstance: dss150p_sales_pipeline.transform manual__2026-09-21T13:53:08+00:00 [queued]>
[2026-09-21T13:53:26.549+0000] {taskinstance.py:2614} INFO - Dependencies all met for dep_context=requeueable deps ti=<TaskInstance: dss150p_sales_pipeline.transform manual__2026-09-21T13:53:08+00:00 [queued]>
[2026-09-21T13:53:26.555+0000] {taskinstance.py:2867} INFO - Starting attempt 1 of 3
[2026-09-21T13:53:26.607+0000] {taskinstance.py:2890} INFO - Executing <Task(BashOperator): transform> on 2026-09-21 13:53:08+00:00
[2026-09-21T13:53:26.623+0000] {standard_task_runner.py:72} INFO - Started process 1776 to run task
[2026-09-21T13:53:26.632+0000] {standard_task_runner.py:104} INFO - Running: ['airflow', 'tasks', 'run', 'dss150p_sales_pipeline', 'transform', 'manual__2026-09-21T13:53:08+00:00', '--job-id', '49', '--raw', '--subdir', 'DAGS_FOLDER/dss150p_pipeline.py', '--cfg-path', '/tmp/tmpydauos1e']
[2026-09-21T13:53:26.642+0000] {standard_task_runner.py:105} INFO - Job 49: Subtask transform
[2026-09-21T13:53:26.836+0000] {task_command.py:467} INFO - Running <TaskInstance: dss150p_sales_pipeline.transform manual__2026-09-21T13:53:08+00:00 [running]> on host 5d7985e2e0b9
[2026-09-21T13:53:27.058+0000] {taskinstance.py:3134} INFO - Exporting env vars: AIRFLOW_CTX_DAG_OWNER='dss150p' AIRFLOW_CTX_DAG_ID='dss150p_sales_pipeline' AIRFLOW_CTX_TASK_ID='transform' AIRFLOW_CTX_EXECUTION_DATE='2026-09-21T13:53:08+00:00' AIRFLOW_CTX_TRY_NUMBER='1' AIRFLOW_CTX_DAG_RUN_ID='manual__2026-09-21T13:53:08+00:00'
[2026-09-21T13:53:27.062+0000] {taskinstance.py:732} INFO - ::endgroup::
[2026-09-21T13:53:27.104+0000] {subprocess.py:78} INFO - Tmp dir root location: /tmp
[2026-09-21T13:53:27.108+0000] {subprocess.py:88} INFO - Running command: ['/usr/bin/bash', '-c', 'cd /opt/airflow/project && PIPELINE_RUN_ID="manual__2026-09-21T13:53:08+00:00" python -m src.cli transform --run-id "manual__2026-09-21T13:53:08+00:00"']
[2026-09-21T13:53:27.131+0000] {subprocess.py:99} INFO - Output:
[2026-09-21T13:53:31.646+0000] {subprocess.py:106} INFO - Staging complete. Outputs at: /opt/airflow/project/data/staging/run_id=manual__2026-09-21T13:53:08+00:00
[2026-09-21T13:53:31.652+0000] {subprocess.py:106} INFO - Quarantined records written to: /opt/airflow/project/data/quarantine/run_id=manual__2026-09-21T13:53:08+00:00
[2026-09-21T13:53:32.186+0000] {subprocess.py:110} INFO - Command exited with return code 0
[2026-09-21T13:53:32.279+0000] {taskinstance.py:341} INFO - ::group::Post task execution logs
[2026-09-21T13:53:32.281+0000] {taskinstance.py:353} INFO - Marking task as SUCCESS. dag_id=dss150p_sales_pipeline, task_id=transform, run_id=manual__2026-09-21T13:53:08+00:00, execution_date=20260921T135308, start_date=20260921T135326, end_date=20260921T135332
[2026-09-21T13:53:32.402+0000] {local_task_job_runner.py:266} INFO - Task exited with return code 0
[2026-09-21T13:53:32.484+0000] {taskinstance.py:3901} INFO - 1 downstream tasks scheduled from follow-on schedule check
[2026-09-21T13:53:32.491+0000] {local_task_job_runner.py:245} INFO - ::endgroup::
