[2026-09-21T13:32:50.968+0000] {local_task_job_runner.py:123} INFO - ::group::Pre task execution logs
[2026-09-21T13:32:51.019+0000] {taskinstance.py:2614} INFO - Dependencies all met for dep_context=non-requeueable deps ti=<TaskInstance: dss150p_sales_pipeline.load manual__2026-09-21T13:32:22+00:00 [queued]>
[2026-09-21T13:32:51.043+0000] {taskinstance.py:2614} INFO - Dependencies all met for dep_context=requeueable deps ti=<TaskInstance: dss150p_sales_pipeline.load manual__2026-09-21T13:32:22+00:00 [queued]>
[2026-09-21T13:32:51.049+0000] {taskinstance.py:2867} INFO - Starting attempt 1 of 3
[2026-09-21T13:32:51.076+0000] {taskinstance.py:2890} INFO - Executing <Task(BashOperator): load> on 2026-09-21 13:32:22+00:00
[2026-09-21T13:32:51.091+0000] {standard_task_runner.py:72} INFO - Started process 1404 to run task
[2026-09-21T13:32:51.099+0000] {standard_task_runner.py:104} INFO - Running: ['airflow', 'tasks', 'run', 'dss150p_sales_pipeline', 'load', 'manual__2026-09-21T13:32:22+00:00', '--job-id', '35', '--raw', '--subdir', 'DAGS_FOLDER/dss150p_pipeline.py', '--cfg-path', '/tmp/tmp2qdh5cxx']
[2026-09-21T13:32:51.114+0000] {standard_task_runner.py:105} INFO - Job 35: Subtask load
[2026-09-21T13:32:51.272+0000] {task_command.py:467} INFO - Running <TaskInstance: dss150p_sales_pipeline.load manual__2026-09-21T13:32:22+00:00 [running]> on host 5d7985e2e0b9
[2026-09-21T13:32:51.577+0000] {taskinstance.py:3134} INFO - Exporting env vars: AIRFLOW_CTX_DAG_OWNER='dss150p' AIRFLOW_CTX_DAG_ID='dss150p_sales_pipeline' AIRFLOW_CTX_TASK_ID='load' AIRFLOW_CTX_EXECUTION_DATE='2026-09-21T13:32:22+00:00' AIRFLOW_CTX_TRY_NUMBER='1' AIRFLOW_CTX_DAG_RUN_ID='manual__2026-09-21T13:32:22+00:00'
[2026-09-21T13:32:51.581+0000] {taskinstance.py:732} INFO - ::endgroup::
[2026-09-21T13:32:51.641+0000] {subprocess.py:78} INFO - Tmp dir root location: /tmp
[2026-09-21T13:32:51.649+0000] {subprocess.py:88} INFO - Running command: ['/usr/bin/bash', '-c', 'cd /opt/airflow/project && PIPELINE_RUN_ID="manual__2026-09-21T13:32:22+00:00" python -m src.cli load --run-id "manual__2026-09-21T13:32:22+00:00"']
[2026-09-21T13:32:51.687+0000] {subprocess.py:99} INFO - Output:
[2026-09-21T13:32:56.542+0000] {subprocess.py:106} INFO - Traceback (most recent call last):
[2026-09-21T13:32:56.551+0000] {subprocess.py:106} INFO -   File "<frozen runpy>", line 198, in _run_module_as_main
[2026-09-21T13:32:56.565+0000] {subprocess.py:106} INFO -   File "<frozen runpy>", line 88, in _run_code
[2026-09-21T13:32:56.570+0000] {subprocess.py:106} INFO -   File "/opt/airflow/project/src/cli.py", line 142, in <module>
[2026-09-21T13:32:56.576+0000] {subprocess.py:106} INFO -     main()
[2026-09-21T13:32:56.579+0000] {subprocess.py:106} INFO -   File "/opt/airflow/project/src/cli.py", line 89, in main
[2026-09-21T13:32:56.584+0000] {subprocess.py:106} INFO -     curated_df = pd.read_parquet(curated_dir / "orders_curated.parquet")
[2026-09-21T13:32:56.586+0000] {subprocess.py:106} INFO -                  ^^^^^^^^^^^^^^^^^^^^^^^^^^^^^^^^^^^^^^^^^^^^^^^^^^^^^^^
[2026-09-21T13:32:56.592+0000] {subprocess.py:106} INFO -   File "/home/airflow/.local/lib/python3.11/site-packages/pandas/io/parquet.py", line 667, in read_parquet
[2026-09-21T13:32:56.596+0000] {subprocess.py:106} INFO -     return impl.read(
[2026-09-21T13:32:56.599+0000] {subprocess.py:106} INFO -            ^^^^^^^^^^
[2026-09-21T13:32:56.603+0000] {subprocess.py:106} INFO -   File "/home/airflow/.local/lib/python3.11/site-packages/pandas/io/parquet.py", line 267, in read
[2026-09-21T13:32:56.610+0000] {subprocess.py:106} INFO -     path_or_handle, handles, filesystem = _get_path_or_handle(
[2026-09-21T13:32:56.614+0000] {subprocess.py:106} INFO -                                           ^^^^^^^^^^^^^^^^^^^^
[2026-09-21T13:32:56.618+0000] {subprocess.py:106} INFO -   File "/home/airflow/.local/lib/python3.11/site-packages/pandas/io/parquet.py", line 140, in _get_path_or_handle
[2026-09-21T13:32:56.621+0000] {subprocess.py:106} INFO -     handles = get_handle(
[2026-09-21T13:32:56.627+0000] {subprocess.py:106} INFO -               ^^^^^^^^^^^
[2026-09-21T13:32:56.631+0000] {subprocess.py:106} INFO -   File "/home/airflow/.local/lib/python3.11/site-packages/pandas/io/common.py", line 882, in get_handle
[2026-09-21T13:32:56.635+0000] {subprocess.py:106} INFO -     handle = open(handle, ioargs.mode)
[2026-09-21T13:32:56.638+0000] {subprocess.py:106} INFO -              ^^^^^^^^^^^^^^^^^^^^^^^^^
[2026-09-21T13:32:56.642+0000] {subprocess.py:106} INFO - FileNotFoundError: [Errno 2] No such file or directory: '/opt/airflow/project/data/curated/run_id=manual__2026-09-21T13:32:22+00:00/orders_curated.parquet'
[2026-09-21T13:32:56.897+0000] {subprocess.py:110} INFO - Command exited with return code 1
[2026-09-21T13:32:56.968+0000] {taskinstance.py:3313} ERROR - Task failed with exception
Traceback (most recent call last):
  File "/home/airflow/.local/lib/python3.11/site-packages/airflow/models/taskinstance.py", line 763, in _execute_task
    result = _execute_callable(context=context, **execute_callable_kwargs)
             ^^^^^^^^^^^^^^^^^^^^^^^^^^^^^^^^^^^^^^^^^^^^^^^^^^^^^^^^^^^^^
  File "/home/airflow/.local/lib/python3.11/site-packages/airflow/models/taskinstance.py", line 734, in _execute_callable
    return ExecutionCallableRunner(
           ^^^^^^^^^^^^^^^^^^^^^^^^
  File "/home/airflow/.local/lib/python3.11/site-packages/airflow/utils/operator_helpers.py", line 252, in run
    return self.func(*args, **kwargs)
           ^^^^^^^^^^^^^^^^^^^^^^^^^^
  File "/home/airflow/.local/lib/python3.11/site-packages/airflow/models/baseoperator.py", line 424, in wrapper
    return func(self, *args, **kwargs)
           ^^^^^^^^^^^^^^^^^^^^^^^^^^^
  File "/home/airflow/.local/lib/python3.11/site-packages/airflow/operators/bash.py", line 276, in execute
    raise AirflowException(
airflow.exceptions.AirflowException: Bash command failed. The command returned a non-zero exit code 1.
[2026-09-21T13:32:57.020+0000] {taskinstance.py:1226} INFO - Marking task as UP_FOR_RETRY. dag_id=dss150p_sales_pipeline, task_id=load, run_id=manual__2026-09-21T13:32:22+00:00, execution_date=20260921T133222, start_date=20260921T133251, end_date=20260921T133257
[2026-09-21T13:32:57.244+0000] {taskinstance.py:341} INFO - ::group::Post task execution logs
[2026-09-21T13:32:57.261+0000] {standard_task_runner.py:124} ERROR - Failed to execute job 35 for task load (Bash command failed. The command returned a non-zero exit code 1.; 1404)
Traceback (most recent call last):
  File "/home/airflow/.local/lib/python3.11/site-packages/airflow/task/task_runner/standard_task_runner.py", line 117, in _start_by_fork
    ret = args.func(args, dag=self.dag)
          ^^^^^^^^^^^^^^^^^^^^^^^^^^^^^
  File "/home/airflow/.local/lib/python3.11/site-packages/airflow/cli/cli_config.py", line 49, in command
    return func(*args, **kwargs)
           ^^^^^^^^^^^^^^^^^^^^^
  File "/home/airflow/.local/lib/python3.11/site-packages/airflow/utils/cli.py", line 116, in wrapper
    return f(*args, **kwargs)
           ^^^^^^^^^^^^^^^^^^
  File "/home/airflow/.local/lib/python3.11/site-packages/airflow/cli/commands/task_command.py", line 483, in task_run
    task_return_code = _run_task_by_selected_method(args, _dag, ti)
                       ^^^^^^^^^^^^^^^^^^^^^^^^^^^^^^^^^^^^^^^^^^^^
  File "/home/airflow/.local/lib/python3.11/site-packages/airflow/cli/commands/task_command.py", line 256, in _run_task_by_selected_method
    return _run_raw_task(args, ti)
           ^^^^^^^^^^^^^^^^^^^^^^^
  File "/home/airflow/.local/lib/python3.11/site-packages/airflow/cli/commands/task_command.py", line 341, in _run_raw_task
    return ti._run_raw_task(
           ^^^^^^^^^^^^^^^^^
  File "/home/airflow/.local/lib/python3.11/site-packages/airflow/utils/session.py", line 97, in wrapper
    return func(*args, session=session, **kwargs)
           ^^^^^^^^^^^^^^^^^^^^^^^^^^^^^^^^^^^^^^
  File "/home/airflow/.local/lib/python3.11/site-packages/airflow/models/taskinstance.py", line 3006, in _run_raw_task
    return _run_raw_task(
           ^^^^^^^^^^^^^^
  File "/home/airflow/.local/lib/python3.11/site-packages/airflow/models/taskinstance.py", line 274, in _run_raw_task
    TaskInstance._execute_task_with_callbacks(
  File "/home/airflow/.local/lib/python3.11/site-packages/airflow/models/taskinstance.py", line 3161, in _execute_task_with_callbacks
    result = self._execute_task(context, task_orig)
             ^^^^^^^^^^^^^^^^^^^^^^^^^^^^^^^^^^^^^^
  File "/home/airflow/.local/lib/python3.11/site-packages/airflow/models/taskinstance.py", line 3185, in _execute_task
    return _execute_task(self, context, task_orig)
           ^^^^^^^^^^^^^^^^^^^^^^^^^^^^^^^^^^^^^^^
  File "/home/airflow/.local/lib/python3.11/site-packages/airflow/models/taskinstance.py", line 763, in _execute_task
    result = _execute_callable(context=context, **execute_callable_kwargs)
             ^^^^^^^^^^^^^^^^^^^^^^^^^^^^^^^^^^^^^^^^^^^^^^^^^^^^^^^^^^^^^
  File "/home/airflow/.local/lib/python3.11/site-packages/airflow/models/taskinstance.py", line 734, in _execute_callable
    return ExecutionCallableRunner(
           ^^^^^^^^^^^^^^^^^^^^^^^^
  File "/home/airflow/.local/lib/python3.11/site-packages/airflow/utils/operator_helpers.py", line 252, in run
    return self.func(*args, **kwargs)
           ^^^^^^^^^^^^^^^^^^^^^^^^^^
  File "/home/airflow/.local/lib/python3.11/site-packages/airflow/models/baseoperator.py", line 424, in wrapper
    return func(self, *args, **kwargs)
           ^^^^^^^^^^^^^^^^^^^^^^^^^^^
  File "/home/airflow/.local/lib/python3.11/site-packages/airflow/operators/bash.py", line 276, in execute
    raise AirflowException(
airflow.exceptions.AirflowException: Bash command failed. The command returned a non-zero exit code 1.
[2026-09-21T13:32:57.334+0000] {local_task_job_runner.py:266} INFO - Task exited with return code 1
[2026-09-21T13:32:57.454+0000] {taskinstance.py:3901} INFO - 0 downstream tasks scheduled from follow-on schedule check
[2026-09-21T13:32:57.484+0000] {local_task_job_runner.py:245} INFO - ::endgroup::
