[2026-09-21T13:53:15.731+0000] {local_task_job_runner.py:123} INFO - ::group::Pre task execution logs
[2026-09-21T13:53:15.778+0000] {taskinstance.py:2614} INFO - Dependencies all met for dep_context=non-requeueable deps ti=<TaskInstance: dss150p_sales_pipeline.extract manual__2026-09-21T13:53:08+00:00 [queued]>
[2026-09-21T13:53:15.800+0000] {taskinstance.py:2614} INFO - Dependencies all met for dep_context=requeueable deps ti=<TaskInstance: dss150p_sales_pipeline.extract manual__2026-09-21T13:53:08+00:00 [queued]>
[2026-09-21T13:53:15.803+0000] {taskinstance.py:2867} INFO - Starting attempt 1 of 3
[2026-09-21T13:53:15.836+0000] {taskinstance.py:2890} INFO - Executing <Task(BashOperator): extract> on 2026-09-21 13:53:08+00:00
[2026-09-21T13:53:15.856+0000] {standard_task_runner.py:72} INFO - Started process 1763 to run task
[2026-09-21T13:53:15.865+0000] {standard_task_runner.py:104} INFO - Running: ['airflow', 'tasks', 'run', 'dss150p_sales_pipeline', 'extract', 'manual__2026-09-21T13:53:08+00:00', '--job-id', '48', '--raw', '--subdir', 'DAGS_FOLDER/dss150p_pipeline.py', '--cfg-path', '/tmp/tmp3ezvy_z8']
[2026-09-21T13:53:15.873+0000] {standard_task_runner.py:105} INFO - Job 48: Subtask extract
[2026-09-21T13:53:16.020+0000] {task_command.py:467} INFO - Running <TaskInstance: dss150p_sales_pipeline.extract manual__2026-09-21T13:53:08+00:00 [running]> on host 5d7985e2e0b9
[2026-09-21T13:53:16.261+0000] {taskinstance.py:3134} INFO - Exporting env vars: AIRFLOW_CTX_DAG_OWNER='dss150p' AIRFLOW_CTX_DAG_ID='dss150p_sales_pipeline' AIRFLOW_CTX_TASK_ID='extract' AIRFLOW_CTX_EXECUTION_DATE='2026-09-21T13:53:08+00:00' AIRFLOW_CTX_TRY_NUMBER='1' AIRFLOW_CTX_DAG_RUN_ID='manual__2026-09-21T13:53:08+00:00'
[2026-09-21T13:53:16.269+0000] {taskinstance.py:732} INFO - ::endgroup::
[2026-09-21T13:53:16.347+0000] {subprocess.py:78} INFO - Tmp dir root location: /tmp
[2026-09-21T13:53:16.359+0000] {subprocess.py:88} INFO - Running command: ['/usr/bin/bash', '-c', 'cd /opt/airflow/project && PIPELINE_RUN_ID="manual__2026-09-21T13:53:08+00:00" python -m src.cli extract --mode full --year 2026 --month 9']
[2026-09-21T13:53:16.394+0000] {subprocess.py:99} INFO - Output:
[2026-09-21T13:53:23.619+0000] {subprocess.py:106} INFO - Extraction complete. Snapshot at: /opt/airflow/project/data/raw/run_id=manual__2026-09-21T13:53:08+00:00
[2026-09-21T13:53:23.948+0000] {subprocess.py:110} INFO - Command exited with return code 0
[2026-09-21T13:53:24.056+0000] {taskinstance.py:341} INFO - ::group::Post task execution logs
[2026-09-21T13:53:24.064+0000] {taskinstance.py:353} INFO - Marking task as SUCCESS. dag_id=dss150p_sales_pipeline, task_id=extract, run_id=manual__2026-09-21T13:53:08+00:00, execution_date=20260921T135308, start_date=20260921T135315, end_date=20260921T135324
[2026-09-21T13:53:24.168+0000] {local_task_job_runner.py:266} INFO - Task exited with return code 0
[2026-09-21T13:53:24.371+0000] {taskinstance.py:3901} INFO - 1 downstream tasks scheduled from follow-on schedule check
[2026-09-21T13:53:24.384+0000] {local_task_job_runner.py:245} INFO - ::endgroup::
