[2026-09-21T14:33:59.473+0000] {local_task_job_runner.py:123} INFO - ::group::Pre task execution logs
[2026-09-21T14:33:59.577+0000] {taskinstance.py:2614} INFO - Dependencies all met for dep_context=non-requeueable deps ti=<TaskInstance: dss150p_sales_pipeline.load manual__2026-09-21T14:33:02+00:00 [queued]>
[2026-09-21T14:33:59.600+0000] {taskinstance.py:2614} INFO - Dependencies all met for dep_context=requeueable deps ti=<TaskInstance: dss150p_sales_pipeline.load manual__2026-09-21T14:33:02+00:00 [queued]>
[2026-09-21T14:33:59.603+0000] {taskinstance.py:2867} INFO - Starting attempt 1 of 3
[2026-09-21T14:33:59.634+0000] {taskinstance.py:2890} INFO - Executing <Task(BashOperator): load> on 2026-09-21 14:33:02+00:00
[2026-09-21T14:33:59.658+0000] {standard_task_runner.py:72} INFO - Started process 2286 to run task
[2026-09-21T14:33:59.673+0000] {standard_task_runner.py:104} INFO - Running: ['airflow', 'tasks', 'run', 'dss150p_sales_pipeline', 'load', 'manual__2026-09-21T14:33:02+00:00', '--job-id', '60', '--raw', '--subdir', 'DAGS_FOLDER/dss150p_pipeline.py', '--cfg-path', '/tmp/tmp3zz84mkg']
[2026-09-21T14:33:59.714+0000] {standard_task_runner.py:105} INFO - Job 60: Subtask load
[2026-09-21T14:34:00.081+0000] {task_command.py:467} INFO - Running <TaskInstance: dss150p_sales_pipeline.load manual__2026-09-21T14:33:02+00:00 [running]> on host 5d7985e2e0b9
[2026-09-21T14:34:00.530+0000] {taskinstance.py:3134} INFO - Exporting env vars: AIRFLOW_CTX_DAG_OWNER='dss150p' AIRFLOW_CTX_DAG_ID='dss150p_sales_pipeline' AIRFLOW_CTX_TASK_ID='load' AIRFLOW_CTX_EXECUTION_DATE='2026-09-21T14:33:02+00:00' AIRFLOW_CTX_TRY_NUMBER='1' AIRFLOW_CTX_DAG_RUN_ID='manual__2026-09-21T14:33:02+00:00'
[2026-09-21T14:34:00.541+0000] {taskinstance.py:732} INFO - ::endgroup::
[2026-09-21T14:34:00.661+0000] {subprocess.py:78} INFO - Tmp dir root location: /tmp
[2026-09-21T14:34:00.667+0000] {subprocess.py:88} INFO - Running command: ['/usr/bin/bash', '-c', 'cd /opt/airflow/project && PIPELINE_RUN_ID="manual__2026-09-21T14:33:02+00:00" python -m src.cli load --run-id "manual__2026-09-21T14:33:02+00:00"']
[2026-09-21T14:34:00.716+0000] {subprocess.py:99} INFO - Output:
[2026-09-21T14:35:38.472+0000] {subprocess.py:106} INFO - Load complete. Data inserted/updated in PostgreSQL.
[2026-09-21T14:35:38.636+0000] {subprocess.py:110} INFO - Command exited with return code 0
[2026-09-21T14:35:38.700+0000] {taskinstance.py:341} INFO - ::group::Post task execution logs
[2026-09-21T14:35:38.704+0000] {taskinstance.py:353} INFO - Marking task as SUCCESS. dag_id=dss150p_sales_pipeline, task_id=load, run_id=manual__2026-09-21T14:33:02+00:00, execution_date=20260921T143302, start_date=20260921T143359, end_date=20260921T143538
[2026-09-21T14:35:38.802+0000] {local_task_job_runner.py:266} INFO - Task exited with return code 0
[2026-09-21T14:35:38.838+0000] {taskinstance.py:3901} INFO - 1 downstream tasks scheduled from follow-on schedule check
[2026-09-21T14:35:38.845+0000] {local_task_job_runner.py:245} INFO - ::endgroup::
